

-- summary of data set result --
eavlDataSet:
   npoints = 134
   coordinateSystems[1]:
   eavlCoordinatesCartesian, ndims=3: 
       axis 0 (type=X):
          eavlCoordinateAxisField='newx',component #0
       axis 1 (type=Y):
          eavlCoordinateAxisField='newy',component #0
       axis 2 (type=Z):
          eavlCoordinateAxisField='newz',component #0
  discreteCoordinates[0]:
  cellsets[1]:
    eavlCellSetExplicit:
        name = iso
        dimensionality = 2
        nCells = 198
        cellNodeConnectivity =
        shapetype[198] = 2 2 2 2 2 2 2 2 2 2 ... 2 2 2 2 2 2 2 2 2 2
        connectivity[792] = 3 50 49 58 3 49 57 58 3 51 ... 133 48 3 92 48 39 3 39 48 46
        mapCellToIndex[198] = 0 4 8 12 16 20 24 28 32 36 ... 752 756 760 764 768 772 776 780 784 788
  fields[11]:
      array name = revPtEdgeIndex
      order = 0
      association = POINTS
      array = int revPtEdgeIndex[134][1] = 4  7  8  20  22 ... 522  523  524  525  535

      array name = revInputIndex
      order = 0
      association = CELL_SET
      assoc_cell_set (index) = 0
      array = int revInputIndex[198][1] = 0  0  1  1  2 ... 120  120  121  121  121

      array name = revInputSubindex
      order = 0
      association = CELL_SET
      assoc_cell_set (index) = 0
      array = int revInputSubindex[198][1] = 0  1  0  1  0 ... 1  2  0  1  2

      array name = outcase
      order = 0
      association = CELL_SET
      assoc_cell_set (index) = 0
      array = byte outcase[198][1] = 51  51  51  51  187 ... 162  162  81  81  81

      array name = localouttri
      order = 0
      association = CELL_SET
      assoc_cell_set (index) = 0
      array = int localouttri[198][3] = 1  3  5  3  7 ... 6  0  0  6  4

      array name = outtri
      order = 0
      association = CELL_SET
      assoc_cell_set (index) = 0
      array = int outtri[198][3] = 181  180  211  180  210 ... 176  141  141  176  171

      array name = outconn
      order = 0
      association = CELL_SET
      assoc_cell_set (index) = 0
      array = int outconn[198][3] = 50  49  58  49  57 ... 48  39  39  48  46

      array name = alpha
      order = 1
      association = POINTS
      array = float alpha[134][1] = 0.106226  0.95982  0.0278073  0.208866  0.329643 ... 0.842408  0.427353  0.198639  0.0771902  0.42791

      array name = newx
      order = 1
      association = POINTS
      array = float newx[134][1] = 6.70477  2.03766  2.31722  -8.98398  -0.65552 ... -9.87862  -5.76848  -1.85393  2.42381  -6.00483

      array name = newy
      order = 1
      association = POINTS
      array = float newy[134][1] = -9.88166  -5.79974  -5.80275  6.36885  6.21077 ... 2.26565  2.25091  2.13919  2.19837  9.83578

      array name = newz
      order = 1
      association = POINTS
      array = float newz[134][1] = -9.89529  -9.92547  -9.92705  -9.94824  -9.91816 ... 9.35001  7.84462  7.06306  6.51464  7.84513

