

-- summary of data set result --
eavlDataSet:
   npoints = 134
   coordinateSystems[1]:
   eavlCoordinatesCartesian, ndims=3: 
       axis 0 (type=X):
          eavlCoordinateAxisField='newx',component #0
       axis 1 (type=Y):
          eavlCoordinateAxisField='newy',component #0
       axis 2 (type=Z):
          eavlCoordinateAxisField='newz',component #0
  discreteCoordinates[0]:
  cellsets[1]:
    eavlCellSetExplicit:
        name = iso
        dimensionality = 2
        nCells = 198
        cellNodeConnectivity =
        shapetype[198] = 2 2 2 2 2 2 2 2 2 2 ... 2 2 2 2 2 2 2 2 2 2
        connectivity[792] = 3 50 49 58 3 49 57 58 3 51 ... 133 48 3 92 48 39 3 39 48 46
        mapCellToIndex[198] = 0 4 8 12 16 20 24 28 32 36 ... 752 756 760 764 768 772 776 780 784 788
  fields[5]:
      array name = nodal
      order = 1
      association = POINTS
      array = float nodal[134][1] = 3.5  3.5  3.5  3.5  3.5 ... 3.5  3.5  3.5  3.5  3.5

      array name = zonal
      order = 1
      association = CELL_SET
      assoc_cellset_name = iso
      array = float zonal[198][1] = 2.12651  2.12651  2.23655  2.23655  2.30367 ... 3.18848  3.18848  3.2106  3.2106  3.2106

      array name = newx
      order = 1
      association = POINTS
      array = float newx[134][1] = 6.71675  2.0809  2.3584  -9.14748  -0.491247 ... -10  -5.91837  -1.83673  2.2449  -5.91837

      array name = newy
      order = 1
      association = POINTS
      array = float newy[134][1] = -10  -5.91837  -5.91837  6.32653  6.32653 ... 2.2449  2.2449  2.2449  2.2449  10

      array name = newz
      order = 1
      association = POINTS
      array = float newz[134][1] = -10  -10  -10  -10  -10 ... 9.42109  7.8964  7.05622  6.61009  7.89845

