

-- summary of data set result --
eavlDataSet:
   npoints = 134
   coordinateSystems[1]:
   eavlCoordinatesCartesian, ndims=3: 
       axis 0 (type=X):
          eavlCoordinateAxisField='newx',component #0
       axis 1 (type=Y):
          eavlCoordinateAxisField='newy',component #0
       axis 2 (type=Z):
          eavlCoordinateAxisField='newz',component #0
  discreteCoordinates[0]:
  cellsets[1]:
    eavlCellSetExplicit:
        name = iso
        dimensionality = 2
        nCells = 198
        cellNodeConnectivity =
        shapetype[198] = 2 2 2 2 2 2 2 2 2 2 ... 2 2 2 2 2 2 2 2 2 2
        connectivity[792] = 3 0 1 2 3 1 3 2 3 4 ... 132 133 3 108 133 105 3 105 133 130
        mapCellToIndex[198] = 0 4 8 12 16 20 24 28 32 36 ... 752 756 760 764 768 772 776 780 784 788
  fields[5]:
      array name = nodal
      order = 1
      association = POINTS
      array = float nodal[134][1] = 3.5  3.5  3.5  3.5  3.5 ... 3.5  3.5  3.5  3.5  3.5

      array name = zonal
      order = 1
      association = CELL_SET
      assoc_cellset_name = iso
      array = float zonal[198][1] = 2.12651  2.12651  2.23655  2.23655  2.30367 ... 3.18848  3.18848  3.2106  3.2106  3.2106

      array name = newx
      order = 1
      association = POINTS
      array = float newx[134][1] = -5.90009  -9.97098  -5.89261  -9.96735  -1.85194 ... -6.60767  -5.51721  -7.17693  -5.94719  -3.92325

      array name = newy
      order = 1
      association = POINTS
      array = float newy[134][1] = -5.99629  -7.13753  -5.87243  -8.7017  -7.27914 ... 6.31904  6.31992  9.95401  9.94526  9.93534

      array name = newz
      order = 1
      association = POINTS
      array = float newz[134][1] = -9.94027  -9.95577  -5.90549  -5.88674  -9.94707 ... 9.93313  9.923  9.93234  7.88067  9.9446

