

-- summary of data set result --
eavlDataSet:
   npoints = 69
   coordinateSystems[1]:
   eavlCoordinatesCartesian, ndims=3: 
       axis 0 (type=X):
          eavlCoordinateAxisField='newx',component #0
       axis 1 (type=Y):
          eavlCoordinateAxisField='newy',component #0
       axis 2 (type=Z):
          eavlCoordinateAxisField='newz',component #0
  discreteCoordinates[0]:
  cellsets[1]:
    eavlCellSetExplicit:
        name = iso
        dimensionality = 2
        nCells = 104
        cellNodeConnectivity =
        shapetype[104] = 2 2 2 2 2 2 2 2 2 2 ... 2 2 2 2 2 2 2 2 2 2
        connectivity[416] = 3 0 2 1 3 3 5 4 3 6 ... 66 68 3 63 65 42 3 39 63 42
        mapCellToIndex[104] = 0 4 8 12 16 20 24 28 32 36 ... 376 380 384 388 392 396 400 404 408 412
  fields[5]:
      array name = nodal
      order = 1
      association = POINTS
      array = float nodal[69][1] = 3.5  3.5  3.5  3.5  3.5 ... 3.5  3.5  3.5  3.5  3.5

      array name = zonal
      order = 1
      association = CELL_SET
      assoc_cellset_name = iso
      array = float zonal[104][1] = 3.56613  2.80571  2.12359  3.36329  3.22385 ... 3.39691  3.39691  3.39691  3.42226  3.42226

      array name = newx
      order = 1
      association = POINTS
      array = float newx[69][1] = -1.42857  -2.8874  -1.42857  3.01067  1.42857 ... -1.42857  -1.35666  -0.645319  -1.01234  -0.499335

      array name = newy
      order = 1
      association = POINTS
      array = float newy[69][1] = -2.9681  -2.34117  -2.06169  -2.2179  -1.92522 ... 0.716645  1.42857  4.28572  -3.8  3.8

      array name = newz
      order = 1
      association = POINTS
      array = float newz[69][1] = -4.70166  -4.28571  -4.28571  -4.28571  -5.2231 ... 1.42857  4.28572  3.8  4.28572  4.28572

