eavlDataSet:
   npoints = 64
   eavlLogicalStructureRegular:
     logicalDimension = 2
     logicalDims[2] = 8 8 
   coordinateSystems[1]:
   eavlCoordinatesCartesian, ndims=3: 
       logdim 0: div=1,mod=8
       logdim 1: div=8,mod=8
       axis 0 (type=X):
          eavlCoordinateAxisField='xcoord',component #0
       axis 1 (type=Y):
          eavlCoordinateAxisField='ycoord',component #0
       axis 2 (type=Z):
          eavlCoordinateAxisField='zcoord',component #0
  discreteCoordinates[0]:
  cellsets[1]:
    eavlCellSetAllStructured:
        name = StructuredGridCells
        dimensionality = 2
        nCells = 49
        zdims[] = 7 7
  fields[5]:
      array name = xcoord
      order = 1
      association = POINTS
      array = float xcoord[64][1] = -9.95313  -7.5526  -4.08347  -1.46009  1.2455 ... -1.49326  1.42219  4.24354  7.09924  9.85137

      array name = ycoord
      order = 1
      association = POINTS
      array = float ycoord[64][1] = 1.2154  1.52364  1.08863  1.13251  1.274 ... 1.2092  1.24221  1.21217  1.24293  1.31416

      array name = zcoord
      order = 1
      association = POINTS
      array = float zcoord[64][1] = -9.80136  -10.1931  -9.25934  -9.70323  -9.7133 ... 9.88034  9.84679  9.79999  9.83379  9.76231

      array name = nodal
      order = 1
      association = POINTS
      array = float nodal[64][1] = 3.60063  3.0714  3.92301  3.84624  3.80009 ... 3.65769  3.66965  3.71889  3.71861  3.78777

      array name = zonal
      order = 0
      association = CELL_SET
      assoc_cellset_name = StructuredGridCells
      array = float zonal[49][1] = 2.99023  3.28852  4.09229  3.5464  3.17232 ... 3.52497  3.62591  3.83718  4.35788  4.46506

