eavlDataSet:
   npoints = 57
   coordinateSystems[1]:
   eavlCoordinatesCartesian, ndims=3: 
       axis 0 (type=X):
          eavlCoordinateAxisField='xcoord',component #0
       axis 1 (type=Y):
          eavlCoordinateAxisField='ycoord',component #0
       axis 2 (type=Z):
          eavlCoordinateAxisField='zcoord',component #0
  discreteCoordinates[0]:
  cellsets[1]:
    eavlCellSetExplicit:
        name = PolyDataVertices
        dimensionality = 0
        nCells = 57
        cellNodeConnectivity =
        shapetype[57] = 0 0 0 0 0 0 0 0 0 0 ... 0 0 0 0 0 0 0 0 0 0
        connectivity[114] = 1 0 1 1 1 2 1 3 1 4 ... 1 52 1 53 1 54 1 55 1 56
        mapCellToIndex[57] = 0 2 4 6 8 10 12 14 16 18 ... 94 96 98 100 102 104 106 108 110 112
  fields[8]:
      array name = xcoord
      order = 1
      association = POINTS
      array = float xcoord[57][1] = 12.5609  11.5709  10.3349  12.1819  11.2449 ... 16.1669  16.8789  17.2679  17.6689  18.3279

      array name = ycoord
      order = 1
      association = POINTS
      array = float ycoord[57][1] = 10.8984  11.2564  10.4164  8.68939  9.16839 ... 5.23539  7.38039  8.85139  5.53239  7.37239

      array name = zcoord
      order = 1
      association = POINTS
      array = float zcoord[57][1] = 14.6205  13.5385  13.5985  11.6995  9.1085 ... 6.2225  4.8045  5.8095  7.2135  5.9105

      array name = avtOriginalBounds
      order = 0
      association = WHOLEMESH
      array = float avtOriginalBounds[6][1] = 5.3859  18.3279  5.23539  13.1614  4.8045  17.8685  

      array name = element
      order = 1
      association = POINTS
      array = float element[57][1] = 6  6  6  6  6 ... 1  1  1  1  1

      array name = fx
      order = 1
      association = POINTS
      array = float fx[57][1] = 0.687401  0.162852  0.085461  0.057385  0.021081 ... 0.105179  0.161167  0.073479  -0.654714  -0.561227

      array name = fy
      order = 1
      association = POINTS
      array = float fy[57][1] = -0.010578  0.693927  0.112668  -0.012088  0.017551 ... 0.129006  0.096506  -0.638083  0.040061  0.260609

      array name = fz
      order = 1
      association = POINTS
      array = float fz[57][1] = 0.669446  -1.00326  -0.384809  0.087703  0.010005 ... 0.234076  0.215123  -0.098364  -0.031935  -0.169527

