eavlDataSet:
   npoints = 216
   coordinateSystems[1]:
   eavlCoordinatesCartesian, ndims=3: 
       axis 0 (type=X):
          eavlCoordinateAxisField='xcoord',component #0
       axis 1 (type=Y):
          eavlCoordinateAxisField='ycoord',component #0
       axis 2 (type=Z):
          eavlCoordinateAxisField='zcoord',component #0
  discreteCoordinates[0]:
  cellsets[1]:
    eavlCellSetExplicit:
        name = UnstructuredGridCells3D
        dimensionality = 3
        nCells = 125
        cellNodeConnectivity =
        shapetype[125] = 8 8 8 8 8 8 8 8 8 8 ... 8 8 8 8 8 8 8 8 8 8
        connectivity[1125] = 8 0 1 2 3 4 5 6 7 8 ... 213 8 172 173 179 178 208 209 215 214
        mapCellToIndex[125] = 0 9 18 27 36 45 54 63 72 81 ... 1035 1044 1053 1062 1071 1080 1089 1098 1107 1116
  fields[5]:
      array name = xcoord
      order = 1
      association = POINTS
      array = float xcoord[216][1] = -9.98358  -5.89827  -5.90015  -9.96533  -9.97598 ... -9.94528  -1.83012  2.2252  6.30798  9.97447

      array name = ycoord
      order = 1
      association = POINTS
      array = float ycoord[216][1] = -9.96362  -9.95102  -5.85778  -5.87154  -9.94996 ... 9.93077  9.90527  9.94938  9.95391  9.9574

      array name = zcoord
      order = 1
      association = POINTS
      array = float zcoord[216][1] = -9.97201  -9.98128  -9.93883  -9.94849  -5.88784 ... 9.91036  9.94716  9.95878  9.96491  9.97056

      array name = nodal
      order = 1
      association = POINTS
      array = float nodal[216][1] = 3.34106  2.67142  3.52902  3.5712  3.44965 ... 3.74998  3.6154  3.69689  3.72971  3.75157

      array name = zonal
      order = 0
      association = CELL_SET
      assoc_cell_set (index) = 0
      array = float zonal[125][1] = 2.12651  2.23655  2.30367  2.20607  2.21764 ... 3.18848  3.2106  3.40977  3.4471  3.35531

