eavlDataSet:
   npoints = 64
   eavlLogicalStructureRegular:
     logicalDimension = 2
     logicalDims[2] = 8 8 
   coordinateSystems[1]:
   eavlCoordinatesCartesian, ndims=3: 
       logdim 0: div=1,mod=8
       logdim 1: div=8,mod=8
       axis 0 (type=X):
          eavlCoordinateAxisField='xcoord',component #0
       axis 1 (type=Y):
          eavlCoordinateAxisField='ycoord',component #0
       axis 2 (type=Z):
          eavlCoordinateAxisField='zcoord',component #0
  discreteCoordinates[0]:
  cellsets[1]:
    eavlCellSetAllStructured:
        name = StructuredGridCells
        dimensionality = 2
        nCells = 49
        zdims[] = 7 7
  fields[5]:
      array name = xcoord
      order = 1
      association = POINTS
      array = float xcoord[64][1] = -9.80675983  -7.39098978  -4.30237007  -1.45370996  1.63229001 ... -1.30917001  1.50585997  4.10948992  6.95075989  9.95368004

      array name = ycoord
      order = 1
      association = POINTS
      array = float ycoord[64][1] = -9.51914024  -9.49367046  -9.56052017  -10.39369965  -9.83456039 ... 9.86122990  9.69904995  9.56733990  9.99565029  9.93515968

      array name = zcoord
      order = 1
      association = POINTS
      array = float zcoord[64][1] = 1.29618001  1.29559004  0.85822499  0.78245401  1.21177995 ... 1.29269004  1.27423000  1.28189003  1.17357004  1.28815997

      array name = nodal
      order = 1
      association = POINTS
      array = float nodal[64][1] = 3.70980000  3.46036005  2.54554009  2.16110992  3.12129998 ... 3.56982994  3.75622010  3.81281996  3.57887006  3.63371992

      array name = zonal
      order = 0
      association = CELL_SET
      assoc_cellset_name = StructuredGridCells
      array = float zonal[49][1] = 2.93285990  2.94926000  2.67960000  2.47012997  2.81912994 ... 2.23087001  3.53692007  4.29172993  4.09175014  3.26901007

