eavlDataSet:
   npoints = 216
   eavlLogicalStructureRegular:
     logicalDimension = 3
     logicalDims[3] = 6 6 6 
   coordinateSystems[1]:
   eavlCoordinatesCartesian, ndims=3: 
       logdim 0: div=1,mod=6
       logdim 1: div=6,mod=6
       logdim 2: div=36,mod=6
       axis 0 (type=X):
          eavlCoordinateAxisField='xcoord',component #0
       axis 1 (type=Y):
          eavlCoordinateAxisField='ycoord',component #0
       axis 2 (type=Z):
          eavlCoordinateAxisField='zcoord',component #0
  discreteCoordinates[0]:
  cellsets[1]:
    eavlCellSetAllStructured:
        name = StructuredGridCells
        dimensionality = 3
        nCells = 125
        zdims[] = 5 5 5
  fields[5]:
      array name = xcoord
      order = 1
      association = POINTS
      array = float xcoord[216][1] = -9.95073032  -5.85805988  -1.85610998  2.23306990  6.32063007 ... -5.99368000  -1.81689000  2.18580008  6.27089024  9.92343044

      array name = ycoord
      order = 1
      association = POINTS
      array = float ycoord[216][1] = -9.89087009  -9.85305977  -9.85879993  -9.90104961  -9.88055992 ... 9.89311028  9.71582031  9.84813023  9.86172962  9.87219048

      array name = zcoord
      order = 1
      association = POINTS
      array = float zcoord[216][1] = -9.91604042  -9.94382954  -9.90684986  -9.94491005  -9.89570999 ... 9.82641029  9.84148979  9.87633038  9.89472008  9.91168976

      array name = nodal
      order = 1
      association = POINTS
      array = float nodal[216][1] = 3.34105992  2.67142010  3.40237999  3.42803001  3.49366999 ... 3.38861990  3.61540008  3.69689012  3.72971010  3.75156999

      array name = zonal
      order = 0
      association = CELL_SET
      assoc_cellset_name = StructuredGridCells
      array = float zonal[125][1] = 2.12650990  2.23655009  2.30366993  2.20606995  2.21763992 ... 3.18847990  3.21059990  3.40977001  3.44709992  3.35530996

