eavlDataSet:
   npoints = 64
   eavlLogicalStructureRegular:
     logicalDimension = 2
     logicalDims[2] = 8 8 
   coordinateSystems[1]:
   eavlCoordinatesCartesian, ndims=3: 
       logdim 0: div=1,mod=8
       logdim 1: div=8,mod=8
       axis 0 (type=X):
          eavlCoordinateAxisField='xcoord',component #0
       axis 1 (type=Y):
          eavlCoordinateAxisField='ycoord',component #0
       axis 2 (type=Z):
          eavlCoordinateAxisField='zcoord',component #0
  discreteCoordinates[0]:
  cellsets[1]:
    eavlCellSetAllStructured:
        name = StructuredGridCells
        dimensionality = 2
        nCells = 49
        zdims[] = 7 7
  fields[5]:
      array name = xcoord
      order = 1
      association = POINTS
      array = float xcoord[64][1] = -9.95312977  -7.55259991  -4.08346987  -1.46009004  1.24549997 ... -1.49326003  1.42218995  4.24353981  7.09923983  9.85136986

      array name = ycoord
      order = 1
      association = POINTS
      array = float ycoord[64][1] = 1.21539998  1.52364004  1.08862996  1.13250995  1.27400005 ... 1.20920002  1.24221003  1.21217000  1.24293005  1.31415999

      array name = zcoord
      order = 1
      association = POINTS
      array = float zcoord[64][1] = -9.80136013  -10.19309998  -9.25934029  -9.70322990  -9.71329975 ... 9.88033962  9.84679031  9.79998970  9.83378983  9.76231003

      array name = nodal
      order = 1
      association = POINTS
      array = float nodal[64][1] = 3.60063004  3.07139993  3.92301011  3.84624004  3.80009007 ... 3.65769005  3.66965008  3.71888995  3.71861005  3.78777003

      array name = zonal
      order = 0
      association = CELL_SET
      assoc_cellset_name = StructuredGridCells
      array = float zonal[49][1] = 2.99023008  3.28852010  4.09228992  3.54640007  3.17231989 ... 3.52497005  3.62591004  3.83717990  4.35788012  4.46506023

