eavlDataSet:
   npoints = 4
   eavlLogicalStructureRegular:
     logicalDimension = 1
     logicalDims[1] = 4 
   coordinateSystems[1]:
   eavlCoordinatesCartesian, ndims=3: 
       logdim 0: div=1,mod=4
       axis 0 (type=X):
          eavlCoordinateAxisField='xcoord',component #0
       axis 1 (type=Y):
          eavlCoordinateAxisField='ycoord',component #0
       axis 2 (type=Z):
          eavlCoordinateAxisField='zcoord',component #0
  discreteCoordinates[0]:
  cellsets[1]:
    eavlCellSetAllStructured:
        name = StructuredGridCells
        dimensionality = 1
        nCells = 3
        zdims[] = 3
  fields[5]:
      array name = xcoord
      order = 1
      association = POINTS
      array = float xcoord[4][1] = 0.00000000  1.00000000  4.00000000  6.00000000  

      array name = ycoord
      order = 1
      association = POINTS
      array = float ycoord[4][1] = 3.20000005  3.09999990  3.40000010  3.09999990  

      array name = zcoord
      order = 1
      association = POINTS
      array = float zcoord[4][1] = 2.20000005  2.40000010  2.50000000  2.29999995  

      array name = nodal
      order = 1
      association = POINTS
      array = float nodal[4][1] = 0.00000000  1.00000000  1.10000002  2.00000000  

      array name = zonal
      order = 0
      association = CELL_SET
      assoc_cellset_name = StructuredGridCells
      array = float zonal[3][1] = 0.00000000  1.00000000  2.00000000  

