eavlDataSet:
   npoints = 64
   eavlLogicalStructureRegular:
     logicalDimension = 2
     logicalDims[2] = 8 8 
   coordinateSystems[1]:
   eavlCoordinatesCartesian, ndims=3: 
       logdim 0: div=1,mod=8
       logdim 1: div=8,mod=8
       axis 0 (type=X):
          eavlCoordinateAxisField='xcoord',component #0
       axis 1 (type=Y):
          eavlCoordinateAxisField='ycoord',component #0
       axis 2 (type=Z):
          eavlCoordinateAxisField='zcoord',component #0
  discreteCoordinates[0]:
  cellsets[1]:
    eavlCellSetAllStructured:
        name = StructuredGridCells
        dimensionality = 2
        nCells = 49
        zdims[] = 7 7
  fields[5]:
      array name = xcoord
      order = 1
      association = POINTS
      array = float xcoord[64][1] = 1.31053996  1.28117001  1.24956000  1.18540001  1.15295005 ... 1.39696002  1.32108998  1.28425002  1.20314002  1.26961994

      array name = ycoord
      order = 1
      association = POINTS
      array = float ycoord[64][1] = -9.89525986  -7.02101994  -4.14340019  -1.24457002  1.35715997 ... -1.49968004  1.33696997  4.26473999  7.04860020  9.82857990

      array name = zcoord
      order = 1
      association = POINTS
      array = float zcoord[64][1] = -9.94458008  -9.93008041  -9.89968967  -9.81882954  -9.70925999 ... 9.72214985  9.85233021  9.84937000  9.80072021  9.87180042

      array name = nodal
      order = 1
      association = POINTS
      array = float nodal[64][1] = 3.42189002  3.46670008  3.56668997  3.72234988  3.80443001 ... 3.74857998  3.66647005  3.67055011  3.72268009  3.68868995

      array name = zonal
      order = 0
      association = CELL_SET
      assoc_cellset_name = StructuredGridCells
      array = float zonal[49][1] = 2.29362988  2.65213990  3.01935005  3.54640007  3.70934010 ... 3.39322996  3.62591004  3.34754992  3.32206011  3.55841994

