eavlDataSet:
   npoints = 104
   coordinateSystems[1]:
   eavlCoordinatesCartesian, ndims=3: 
       axis 0 (type=X):
          eavlCoordinateAxisField='xcoord',component #0
       axis 1 (type=Y):
          eavlCoordinateAxisField='ycoord',component #0
       axis 2 (type=Z):
          eavlCoordinateAxisField='zcoord',component #0
  discreteCoordinates[0]:
  cellsets[1]:
    eavlCellSetExplicit:
        name = PolyDataPolygons
        dimensionality = 2
        nCells = 90
        cellNodeConnectivity =
        shapetype[90] = 11 11 11 11 11 11 11 11 11 11 ... 11 11 11 11 11 11 11 11 11 11
        connectivity[410] = 3 34 33 32 3 32 45 46 4 50 ... 4 98 99 97 96 4 100 101 103 102
        mapCellToIndex[90] = 0 4 8 13 18 23 28 33 37 42 ... 364 369 373 377 382 387 391 395 400 405
  fields[8]:
      array name = xcoord
      order = 1
      association = POINTS
      array = float xcoord[104][1] = -1.42857003  1.42857003  -1.42857003  1.42857003  -1.42857003 ... 1.42857003  -1.42857003  1.42857003  -1.42857003  1.42857003

      array name = ycoord
      order = 1
      association = POINTS
      array = float ycoord[104][1] = -1.42857003  -1.42857003  1.42857003  1.42857003  -4.28570986 ... 4.28571987  -1.42857003  -1.42857003  1.42857003  1.42857003

      array name = zcoord
      order = 1
      association = POINTS
      array = float zcoord[104][1] = -4.28570986  -4.28570986  -4.28570986  -4.28570986  -1.42857003 ... 3.79999995  5.47142982  5.47142982  5.47142982  5.47142982

      array name = avtOriginalBounds
      order = 0
      association = WHOLEMESH
      array = float avtOriginalBounds[6][1] = -10.00000000  10.00000000  -10.00000000  10.00000000  -10.00000000  10.00000000  

      array name = base_index
      order = 0
      association = WHOLEMESH
      array = float base_index[3][1] = 0.00000000  0.00000000  0.00000000  

      array name = group_id
      order = 0
      association = WHOLEMESH
      array = float group_id[1][1] = 0.00000000  

      array name = nodal
      order = 1
      association = POINTS
      array = float nodal[104][1] = 3.51925993  3.60441995  3.89547992  3.64400005  3.11057997 ... 3.70719004  3.53360009  3.68510008  3.51565003  3.55610991

      array name = zonal
      order = 0
      association = CELL_SET
      assoc_cellset_name = PolyDataPolygons
      array = float zonal[90][1] = 3.56612992  3.36329007  3.36329007  3.35377002  3.20131993 ... 3.32322001  3.53237009  3.34053993  3.39690995  3.42226005

