eavlDataSet:
   npoints = 57
   coordinateSystems[1]:
   eavlCoordinatesCartesian, ndims=3: 
       axis 0 (type=X):
          eavlCoordinateAxisField='xcoord',component #0
       axis 1 (type=Y):
          eavlCoordinateAxisField='ycoord',component #0
       axis 2 (type=Z):
          eavlCoordinateAxisField='zcoord',component #0
  discreteCoordinates[0]:
  cellsets[2]:
    eavlCellSetExplicit:
        name = PolyDataVertices
        dimensionality = 0
        nCells = 57
        cellNodeConnectivity =
        shapetype[57] = 0 0 0 0 0 0 0 0 0 0 ... 0 0 0 0 0 0 0 0 0 0
        connectivity[114] = 1 0 1 1 1 2 1 3 1 4 ... 1 52 1 53 1 54 1 55 1 56
        mapCellToIndex[57] = 0 2 4 6 8 10 12 14 16 18 ... 94 96 98 100 102 104 106 108 110 112
    eavlCellSetExplicit:
        name = PolyDataLines
        dimensionality = 1
        nCells = 59
        cellNodeConnectivity =
        shapetype[59] = 1 1 1 1 1 1 1 1 1 1 ... 1 1 1 1 1 1 1 1 1 1
        connectivity[177] = 2 18 41 2 18 19 2 19 42 2 ... 26 2 25 53 2 25 54 2 25 56
        mapCellToIndex[59] = 0 3 6 9 12 15 18 21 24 27 ... 147 150 153 156 159 162 165 168 171 174
  fields[6]:
      array name = xcoord
      order = 1
      association = POINTS
      array = float xcoord[57][1] = 12.56089973  11.57089996  10.33489990  12.18190002  11.24489975 ... 16.16690063  16.87890053  17.26790047  17.66889954  18.32789993

      array name = ycoord
      order = 1
      association = POINTS
      array = float ycoord[57][1] = 10.89840031  11.25640011  10.41639996  8.68939018  9.16839027 ... 5.23539019  7.38039017  8.85138988  5.53239012  7.37238979

      array name = zcoord
      order = 1
      association = POINTS
      array = float zcoord[57][1] = 14.62049961  13.53849983  13.59850025  11.69950008  9.10849953 ... 6.22249985  4.80450010  5.80950022  7.21350002  5.91050005

      array name = avtOriginalBounds
      order = 0
      association = WHOLEMESH
      array = float avtOriginalBounds[6][1] = 5.38590002  18.32789993  5.23539019  13.16139984  4.80450010  17.86849976  

      array name = element
      order = 1
      association = POINTS
      array = float element[57][1] = 6.00000000  6.00000000  6.00000000  6.00000000  6.00000000 ... 1.00000000  1.00000000  1.00000000  1.00000000  1.00000000

      array name = id
      order = 0
      association = CELL_SET
      assoc_cellset_name = PolyDataLines
      array = float id[59][1] = 101.00000000  102.00000000  103.00000000  104.00000000  105.00000000 ... 155.00000000  156.00000000  157.00000000  158.00000000  159.00000000

