eavlDataSet:
   npoints = 64
   coordinateSystems[1]:
   eavlCoordinatesCartesian, ndims=3: 
       axis 0 (type=X):
          eavlCoordinateAxisField='xcoord',component #0
       axis 1 (type=Y):
          eavlCoordinateAxisField='ycoord',component #0
       axis 2 (type=Z):
          eavlCoordinateAxisField='zcoord',component #0
  discreteCoordinates[0]:
  cellsets[1]:
    eavlCellSetExplicit:
        name = PolyDataPolygons
        dimensionality = 2
        nCells = 49
        cellNodeConnectivity =
        shapetype[49] = 11 11 11 11 11 11 11 11 11 11 ... 11 11 11 11 11 11 11 11 11 11
        connectivity[245] = 4 0 1 2 3 4 1 4 5 2 ... 4 53 54 62 61 4 54 55 63 62
        mapCellToIndex[49] = 0 5 10 15 20 25 30 35 40 45 ... 195 200 205 210 215 220 225 230 235 240
  fields[5]:
      array name = xcoord
      order = 1
      association = POINTS
      array = float xcoord[64][1] = -9.93558979  -7.22557020  -7.34504986  -9.58893013  -4.29126978 ... -1.38876998  1.45432997  4.22697020  7.07882023  9.98456001

      array name = ycoord
      order = 1
      association = POINTS
      array = float ycoord[64][1] = -9.83971024  -9.83121967  -7.17676020  -7.17869997  -9.85350990 ... 9.95374012  9.89968014  9.85577965  9.99855042  9.97838974

      array name = zcoord
      order = 1
      association = POINTS
      array = float zcoord[64][1] = 1.32006001  1.31985998  1.25665998  1.18401003  1.17407000 ... 1.31889999  1.31273997  1.31529999  1.27918994  1.31738997

      array name = nodal
      order = 1
      association = POINTS
      array = float nodal[64][1] = 3.70980000  3.46036005  3.80966997  4.27933979  2.54554009 ... 3.56982994  3.75622010  3.81281996  3.57887006  3.63371992

      array name = zonal
      order = 0
      association = CELL_SET
      assoc_cellset_name = PolyDataPolygons
      array = float zonal[49][1] = 2.93285990  2.94926000  2.67960000  2.47012997  2.81912994 ... 2.23087001  3.53692007  4.29172993  4.09175014  3.26901007

