eavlDataSet:
   npoints = 216
   eavlLogicalStructureRegular:
     logicalDimension = 3
     logicalDims[3] = 6 6 6 
   coordinateSystems[1]:
   eavlCoordinatesCartesian, ndims=3: 
       logdim 0: div=1,mod=6
       logdim 1: div=6,mod=6
       logdim 2: div=36,mod=6
       axis 0 (type=X):
          eavlCoordinateAxisField='xcoord',component #0
       axis 1 (type=Y):
          eavlCoordinateAxisField='ycoord',component #0
       axis 2 (type=Z):
          eavlCoordinateAxisField='zcoord',component #0
  discreteCoordinates[0]:
  cellsets[1]:
    eavlCellSetAllStructured:
        name = RectilinearGridCells
        dimensionality = 3
        nCells = 125
        zdims[] = 5 5 5
  fields[8]:
      array name = xcoord
      order = 1
      association = LOGICALDIM
      assoc_logicaldim = 0
      array = float xcoord[6][1] = -10.00000000  -5.91836977  -1.83673000  2.24489999  6.32652998  10.00000000  

      array name = ycoord
      order = 1
      association = LOGICALDIM
      assoc_logicaldim = 1
      array = float ycoord[6][1] = -10.00000000  -5.91836977  -1.83673000  2.24489999  6.32652998  10.00000000  

      array name = zcoord
      order = 1
      association = LOGICALDIM
      assoc_logicaldim = 2
      array = float zcoord[6][1] = -10.00000000  -5.91836977  -1.83673000  2.24489999  6.32652998  10.00000000  

      array name = avtOriginalBounds
      order = 0
      association = WHOLEMESH
      array = float avtOriginalBounds[6][1] = -10.00000000  10.00000000  -10.00000000  10.00000000  -10.00000000  10.00000000  

      array name = base_index
      order = 0
      association = WHOLEMESH
      array = float base_index[3][1] = 0.00000000  0.00000000  0.00000000  

      array name = group_id
      order = 0
      association = WHOLEMESH
      array = float group_id[1][1] = 0.00000000  

      array name = nodal
      order = 1
      association = POINTS
      array = float nodal[216][1] = 3.34105992  2.67142010  3.40237999  3.42803001  3.49366999 ... 3.38861990  3.61540008  3.69689012  3.72971010  3.75156999

      array name = zonal
      order = 0
      association = CELL_SET
      assoc_cellset_name = RectilinearGridCells
      array = float zonal[125][1] = 2.12650990  2.23655009  2.30366993  2.20606995  2.21763992 ... 3.18847990  3.21059990  3.40977001  3.44709992  3.35530996

