eavlDataSet:
   npoints = 64
   eavlLogicalStructureRegular:
     logicalDimension = 2
     logicalDims[2] = 8 8 
   coordinateSystems[1]:
   eavlCoordinatesCartesian, ndims=3: 
       logdim 0: div=1,mod=8
       logdim 1: div=8,mod=8
       axis 0 (type=X):
          eavlCoordinateAxisField='xcoord',component #0
       axis 1 (type=Y):
          eavlCoordinateAxisField='ycoord',component #0
       axis 2 (type=Z):
          eavlCoordinateAxisField='zcoord',component #0
  discreteCoordinates[0]:
  cellsets[1]:
    eavlCellSetAllStructured:
        name = RectilinearGridCells
        dimensionality = 2
        nCells = 49
        zdims[] = 7 7
  fields[8]:
      array name = xcoord
      order = 1
      association = LOGICALDIM
      assoc_logicaldim = 0
      array = float xcoord[8][1] = -10.00000000  -7.14285994  -4.28570986  -1.42857003  1.42857003  4.28571987  7.14285994  10.00000000  

      array name = ycoord
      order = 1
      association = LOGICALDIM
      assoc_logicaldim = 1
      array = float ycoord[8][1] = -10.00000000  -7.14285994  -4.28570986  -1.42857003  1.42857003  4.28571987  7.14285994  10.00000000  

      array name = zcoord
      order = 1
      association = WHOLEMESH
      array = float zcoord[1][1] = 1.33200002  

      array name = avtOriginalBounds
      order = 0
      association = WHOLEMESH
      array = float avtOriginalBounds[6][1] = -10.00000000  10.00000000  -10.00000000  10.00000000  -10.00000000  10.00000000  

      array name = base_index
      order = 0
      association = WHOLEMESH
      array = float base_index[3][1] = 0.00000000  0.00000000  0.00000000  

      array name = group_id
      order = 0
      association = WHOLEMESH
      array = float group_id[1][1] = 0.00000000  

      array name = nodal
      order = 1
      association = POINTS
      array = float nodal[64][1] = 3.70980000  3.46036005  2.54554009  2.16110992  3.12129998 ... 3.56982994  3.75622010  3.81281996  3.57887006  3.63371992

      array name = zonal
      order = 0
      association = CELL_SET
      assoc_cellset_name = RectilinearGridCells
      array = float zonal[49][1] = 2.93285990  2.94926000  2.67960000  2.47012997  2.81912994 ... 2.23087001  3.53692007  4.29172993  4.09175014  3.26901007

