eavlDataSet:
   npoints = 216
   coordinateSystems[1]:
   eavlCoordinatesCartesian, ndims=3: 
       axis 0 (type=X):
          eavlCoordinateAxisField='xcoord',component #0
       axis 1 (type=Y):
          eavlCoordinateAxisField='ycoord',component #0
       axis 2 (type=Z):
          eavlCoordinateAxisField='zcoord',component #0
  discreteCoordinates[0]:
  cellsets[1]:
    eavlCellSetExplicit:
        name = UnstructuredGridCells3D
        dimensionality = 3
        nCells = 125
        cellNodeConnectivity =
        shapetype[125] = 8 8 8 8 8 8 8 8 8 8 ... 8 8 8 8 8 8 8 8 8 8
        connectivity[1125] = 8 0 1 2 3 4 5 6 7 8 ... 213 8 172 173 179 178 208 209 215 214
        mapCellToIndex[125] = 0 9 18 27 36 45 54 63 72 81 ... 1035 1044 1053 1062 1071 1080 1089 1098 1107 1116
  fields[5]:
      array name = xcoord
      order = 1
      association = POINTS
      array = float xcoord[216][1] = -9.98357964  -5.89827013  -5.90014982  -9.96533012  -9.97597980 ... -9.94528008  -1.83011997  2.22519994  6.30798006  9.97447014

      array name = ycoord
      order = 1
      association = POINTS
      array = float ycoord[216][1] = -9.96362019  -9.95102024  -5.85777998  -5.87154007  -9.94995975 ... 9.93076992  9.90526962  9.94937992  9.95390987  9.95740032

      array name = zcoord
      order = 1
      association = POINTS
      array = float zcoord[216][1] = -9.97200966  -9.98128033  -9.93883038  -9.94849014  -5.88783979 ... 9.91036034  9.94715977  9.95878029  9.96490955  9.97056007

      array name = nodal
      order = 1
      association = POINTS
      array = float nodal[216][1] = 3.34105992  2.67142010  3.52902007  3.57119989  3.44965005 ... 3.74997997  3.61540008  3.69689012  3.72971010  3.75156999

      array name = zonal
      order = 0
      association = CELL_SET
      assoc_cellset_name = UnstructuredGridCells3D
      array = float zonal[125][1] = 2.12650990  2.23655009  2.30366993  2.20606995  2.21763992 ... 3.18847990  3.21059990  3.40977001  3.44709992  3.35530996

