eavlDataSet:
   npoints = 97
   coordinateSystems[1]:
   eavlCoordinatesCartesian, ndims=3: 
       axis 0 (type=X):
          eavlCoordinateAxisField='xcoord',component #0
       axis 1 (type=Y):
          eavlCoordinateAxisField='ycoord',component #0
       axis 2 (type=Z):
          eavlCoordinateAxisField='zcoord',component #0
  discreteCoordinates[0]:
  cellsets[1]:
    eavlCellSetExplicit:
        name = UnstructuredGridCells1D
        dimensionality = 1
        nCells = 97
        cellNodeConnectivity =
        shapetype[97] = 1 1 1 1 1 1 1 1 1 1 ... 1 1 1 1 1 1 1 1 1 1
        connectivity[291] = 2 0 1 2 2 0 2 1 3 2 ... 88 2 93 95 2 96 94 2 95 96
        mapCellToIndex[97] = 0 3 6 9 12 15 18 21 24 27 ... 261 264 267 270 273 276 279 282 285 288
  fields[6]:
      array name = xcoord
      order = 1
      association = POINTS
      array = float xcoord[97][1] = -7.65505981  -7.55102015  -7.80411005  -7.30251980  -7.81630993 ... 7.69398022  7.63635015  6.93931007  7.66746998  7.14285994

      array name = ycoord
      order = 1
      association = POINTS
      array = float ycoord[97][1] = -0.30812201  -0.28446200  -0.20408200  -0.24850500  -0.03126130 ... -1.24117005  -0.49349201  0.20354700  -0.20408200  0.18023300

      array name = zcoord
      order = 1
      association = POINTS
      array = float zcoord[97][1] = -7.96318007  -7.83548021  -8.00819969  -7.55102015  -7.84757996 ... 6.45280981  7.14285994  7.14285994  7.46338987  7.32309008

      array name = hardyglobal
      order = 1
      association = POINTS
      array = float hardyglobal[97][1] = 3.68961000  3.73589993  3.66353989  3.86355996  3.65200996 ... 3.98949003  4.19724989  3.52866006  3.98733997  3.53531003

      array name = nodal
      order = 1
      association = POINTS
      array = float nodal[97][1] = 3.79916000  3.79683995  3.80219007  3.82350993  3.78981996 ... 3.90274000  4.06485987  3.45933008  4.01602983  3.49374008

      array name = zonal
      order = 0
      association = CELL_SET
      assoc_cellset_name = UnstructuredGridCells1D
      array = float zonal[97][1] = 3.66417003  3.66417003  3.66935992  3.36479998  3.36479998 ... 3.90107012  3.65492010  4.46506023  3.67771006  3.80657005

