eavlDataSet:
   npoints = 100
   coordinateSystems[1]:
   eavlCoordinatesCartesian, ndims=3: 
       axis 0 (type=X):
          eavlCoordinateAxisField='xcoord',component #0
       axis 1 (type=Y):
          eavlCoordinateAxisField='ycoord',component #0
       axis 2 (type=Z):
          eavlCoordinateAxisField='zcoord',component #0
  discreteCoordinates[0]:
  cellsets[1]:
    eavlCellSetExplicit:
        name = UnstructuredGridCells3D
        dimensionality = 3
        nCells = 477
        cellNodeConnectivity =
        shapetype[477] = 5 5 5 5 5 5 5 5 5 5 ... 5 5 5 5 5 5 5 5 5 5
        connectivity[2385] = 4 65 57 27 90 4 17 77 36 90 ... 4 25 94 87 99 4 94 73 87 99
        mapCellToIndex[477] = 0 5 10 15 20 25 30 35 40 45 ... 2335 2340 2345 2350 2355 2360 2365 2370 2375 2380
  fields[4]:
      array name = xcoord
      order = 1
      association = POINTS
      array = float xcoord[100][1] = -2.07069993  -3.62614012  -6.81263018  7.99708986  2.08288002 ... -2.25057006  0.67014098  1.32993996  1.27768004  -4.93385983

      array name = ycoord
      order = 1
      association = POINTS
      array = float ycoord[100][1] = 6.80971003  7.72856998  -2.32568002  -6.72908020  1.65398002 ... -6.36118984  3.29471993  -8.05072021  7.73879004  -3.85871005

      array name = zcoord
      order = 1
      association = POINTS
      array = float zcoord[100][1] = -2.93327999  -9.68834019  3.82009006  -6.81857014  -4.60058022 ... -5.50537014  -5.96337986  -4.45952988  -8.59619999  7.93279982

      array name = nodal
      order = 1
      association = POINTS
      array = float nodal[100][1] = 3.23291993  3.92044997  1.29428995  3.66531992  2.95238996 ... 4.68691015  3.34412003  1.08656001  1.31009996  1.67036998

