eavlDataSet:
   npoints = 104
   coordinateSystems[1]:
   eavlCoordinatesCartesian, ndims=3: 
       axis 0 (type=X):
          eavlCoordinateAxisField='xcoord',component #0
       axis 1 (type=Y):
          eavlCoordinateAxisField='ycoord',component #0
       axis 2 (type=Z):
          eavlCoordinateAxisField='zcoord',component #0
  discreteCoordinates[0]:
  cellsets[1]:
    eavlCellSetExplicit:
        name = UnstructuredGridCells3D
        dimensionality = 3
        nCells = 125
        cellNodeConnectivity =
        shapetype[125] = 5 5 5 5 5 5 5 5 5 5 ... 8 8 8 8 8 8 8 8 8 8
        connectivity[829] = 4 32 33 34 0 4 36 37 35 1 ... 97 8 19 21 31 27 100 101 103 102
        mapCellToIndex[125] = 0 5 10 15 20 25 30 35 40 45 ... 739 748 757 766 775 784 793 802 811 820
  fields[8]:
      array name = xcoord
      order = 1
      association = POINTS
      array = float xcoord[104][1] = -1.42857003  1.42857003  -1.42857003  1.42857003  -1.42857003 ... 1.42857003  -1.42857003  1.42857003  -1.42857003  1.42857003

      array name = ycoord
      order = 1
      association = POINTS
      array = float ycoord[104][1] = -1.42857003  -1.42857003  1.42857003  1.42857003  -4.28570986 ... 4.28571987  -1.42857003  -1.42857003  1.42857003  1.42857003

      array name = zcoord
      order = 1
      association = POINTS
      array = float zcoord[104][1] = -4.28570986  -4.28570986  -4.28570986  -4.28570986  -1.42857003 ... 3.79999995  5.47142982  5.47142982  5.47142982  5.47142982

      array name = avtOriginalBounds
      order = 0
      association = WHOLEMESH
      array = float avtOriginalBounds[6][1] = -10.00000000  10.00000000  -10.00000000  10.00000000  -10.00000000  10.00000000  

      array name = base_index
      order = 0
      association = WHOLEMESH
      array = float base_index[3][1] = 0.00000000  0.00000000  0.00000000  

      array name = group_id
      order = 0
      association = WHOLEMESH
      array = float group_id[1][1] = 0.00000000  

      array name = nodal
      order = 1
      association = POINTS
      array = float nodal[104][1] = 3.51925993  3.60441995  3.89547992  3.64400005  3.11057997 ... 3.70719004  3.53360009  3.68510008  3.51565003  3.55610991

      array name = zonal
      order = 0
      association = CELL_SET
      assoc_cellset_name = UnstructuredGridCells3D
      array = float zonal[125][1] = 3.56612992  2.80571008  3.86303997  4.33463001  3.13633990 ... 2.79341006  3.17281008  3.55641007  3.39690995  3.42226005

