

-- summary of data set result --
eavlDataSet:
   npoints = 216
   eavlLogicalStructureRegular:
     logicalDimension = 3
     logicalDims[3] = 6 6 6 
   coordinateSystems[1]:
   eavlCoordinatesCartesian, ndims=3: 
       logdim 0: div=1,mod=6
       logdim 1: div=6,mod=6
       logdim 2: div=36,mod=6
       axis 0 (type=X):
          eavlCoordinateAxisField='transformed_coords',component #0
       axis 1 (type=Y):
          eavlCoordinateAxisField='transformed_coords',component #1
       axis 2 (type=Z):
          eavlCoordinateAxisField='transformed_coords',component #2
  discreteCoordinates[0]:
  cellsets[1]:
    eavlCellSetAllStructured:
        name = StructuredGridCells
        dimensionality = 3
        nCells = 125
        zdims[] = 5 5 5
  fields[6]:
      array name = xcoord
      order = 1
      association = POINTS
      array = float xcoord[216][1] = -9.95073  -5.85806  -1.85611  2.23307  6.32063 ... -5.99368  -1.81689  2.1858  6.27089  9.92343

      array name = ycoord
      order = 1
      association = POINTS
      array = float ycoord[216][1] = -9.89087  -9.85306  -9.8588  -9.90105  -9.88056 ... 9.89311  9.71582  9.84813  9.86173  9.87219

      array name = zcoord
      order = 1
      association = POINTS
      array = float zcoord[216][1] = -9.91604  -9.94383  -9.90685  -9.94491  -9.89571 ... 9.82641  9.84149  9.87633  9.89472  9.91169

      array name = nodal
      order = 1
      association = POINTS
      array = float nodal[216][1] = 3.34106  2.67142  3.40238  3.42803  3.49367 ... 3.38862  3.6154  3.69689  3.72971  3.75157

      array name = zonal
      order = 0
      association = CELL_SET
      assoc_cellset_name = StructuredGridCells
      array = float zonal[125][1] = 2.12651  2.23655  2.30367  2.20607  2.21764 ... 3.18848  3.2106  3.40977  3.4471  3.35531

      array name = transformed_coords
      order = 1
      association = POINTS
      array = float transformed_coords[216][3] = -11.1937  -12.3726  -8.66403  -8.18881  -12.0623 ... 12.1087  9.76023  11.1719  12.346  8.66325

