

-- summary of data set result --
eavlDataSet:
   npoints = 104
   coordinateSystems[1]:
   eavlCoordinatesCartesian, ndims=3: 
       axis 0 (type=X):
          eavlCoordinateAxisField='transformed_coords',component #0
       axis 1 (type=Y):
          eavlCoordinateAxisField='transformed_coords',component #1
       axis 2 (type=Z):
          eavlCoordinateAxisField='transformed_coords',component #2
  discreteCoordinates[0]:
  cellsets[1]:
    eavlCellSetExplicit:
        name = PolyDataPolygons
        dimensionality = 2
        nCells = 90
        cellNodeConnectivity =
        shapetype[90] = 11 11 11 11 11 11 11 11 11 11 ... 11 11 11 11 11 11 11 11 11 11
        connectivity[410] = 3 34 33 32 3 32 45 46 4 50 ... 4 98 99 97 96 4 100 101 103 102
        mapCellToIndex[90] = 0 4 8 13 18 23 28 33 37 42 ... 364 369 373 377 382 387 391 395 400 405
  fields[9]:
      array name = xcoord
      order = 1
      association = POINTS
      array = float xcoord[104][1] = -1.42857  1.42857  -1.42857  1.42857  -1.42857 ... 1.42857  -1.42857  1.42857  -1.42857  1.42857

      array name = ycoord
      order = 1
      association = POINTS
      array = float ycoord[104][1] = -1.42857  -1.42857  1.42857  1.42857  -4.28571 ... 4.28572  -1.42857  -1.42857  1.42857  1.42857

      array name = zcoord
      order = 1
      association = POINTS
      array = float zcoord[104][1] = -4.28571  -4.28571  -4.28571  -4.28571  -1.42857 ... 3.8  5.47143  5.47143  5.47143  5.47143

      array name = avtOriginalBounds
      order = 0
      association = WHOLEMESH
      array = float avtOriginalBounds[6][1] = -10  10  -10  10  -10  10  

      array name = base_index
      order = 0
      association = WHOLEMESH
      array = float base_index[3][1] = 0  0  0  

      array name = group_id
      order = 0
      association = WHOLEMESH
      array = float group_id[1][1] = 0  

      array name = nodal
      order = 1
      association = POINTS
      array = float nodal[104][1] = 3.51926  3.60442  3.89548  3.644  3.11058 ... 3.70719  3.5336  3.6851  3.51565  3.55611

      array name = zonal
      order = 0
      association = CELL_SET
      assoc_cellset_name = PolyDataPolygons
      array = float zonal[90][1] = 3.56613  3.36329  3.36329  3.35377  3.20132 ... 3.32322  3.53237  3.34054  3.39691  3.42226

      array name = transformed_coords
      order = 1
      association = POINTS
      array = float transformed_coords[104][3] = -2.72157  -1.26432  -3.82988  -0.616294  -1.08749 ... 0.870515  5.77258  3.18332  1.04735  4.90023

