

-- summary of data set result --
eavlDataSet:
   npoints = 57
   coordinateSystems[1]:
   eavlCoordinatesCartesian, ndims=3: 
       axis 0 (type=X):
          eavlCoordinateAxisField='transformed_coords',component #0
       axis 1 (type=Y):
          eavlCoordinateAxisField='transformed_coords',component #1
       axis 2 (type=Z):
          eavlCoordinateAxisField='transformed_coords',component #2
  discreteCoordinates[0]:
  cellsets[2]:
    eavlCellSetExplicit:
        name = PolyDataVertices
        dimensionality = 0
        nCells = 57
        cellNodeConnectivity =
        shapetype[57] = 0 0 0 0 0 0 0 0 0 0 ... 0 0 0 0 0 0 0 0 0 0
        connectivity[114] = 1 0 1 1 1 2 1 3 1 4 ... 1 52 1 53 1 54 1 55 1 56
        mapCellToIndex[57] = 0 2 4 6 8 10 12 14 16 18 ... 94 96 98 100 102 104 106 108 110 112
    eavlCellSetExplicit:
        name = PolyDataLines
        dimensionality = 1
        nCells = 59
        cellNodeConnectivity =
        shapetype[59] = 1 1 1 1 1 1 1 1 1 1 ... 1 1 1 1 1 1 1 1 1 1
        connectivity[177] = 2 18 41 2 18 19 2 19 42 2 ... 26 2 25 53 2 25 54 2 25 56
        mapCellToIndex[59] = 0 3 6 9 12 15 18 21 24 27 ... 147 150 153 156 159 162 165 168 171 174
  fields[7]:
      array name = xcoord
      order = 1
      association = POINTS
      array = float xcoord[57][1] = 12.5609  11.5709  10.3349  12.1819  11.2449 ... 16.1669  16.8789  17.2679  17.6689  18.3279

      array name = ycoord
      order = 1
      association = POINTS
      array = float ycoord[57][1] = 10.8984  11.2564  10.4164  8.68939  9.16839 ... 5.23539  7.38039  8.85139  5.53239  7.37239

      array name = zcoord
      order = 1
      association = POINTS
      array = float zcoord[57][1] = 14.6205  13.5385  13.5985  11.6995  9.1085 ... 6.2225  4.8045  5.8095  7.2135  5.9105

      array name = avtOriginalBounds
      order = 0
      association = WHOLEMESH
      array = float avtOriginalBounds[6][1] = 5.3859  18.3279  5.23539  13.1614  4.8045  17.8685  

      array name = element
      order = 1
      association = POINTS
      array = float element[57][1] = 6  6  6  6  6 ... 1  1  1  1  1

      array name = id
      order = 0
      association = CELL_SET
      assoc_cell_set (index) = 1
      array = float id[59][1] = 101  102  103  104  105 ... 155  156  157  158  159

      array name = transformed_coords
      order = 1
      association = POINTS
      array = float transformed_coords[57][3] = 14.949  13.0557  12.394  13.7981  13.6836 ... 7.36455  2.65564  15.8065  10.1684  1.78999

