

-- summary of data set result --
eavlDataSet:
   npoints = 64
   eavlLogicalStructureRegular:
     logicalDimension = 2
     logicalDims[2] = 8 8 
   coordinateSystems[1]:
   eavlCoordinatesCartesian, ndims=3: 
       logdim 0: div=1,mod=8
       logdim 1: div=8,mod=8
       axis 0 (type=X):
          eavlCoordinateAxisField='transformed_coords',component #0
       axis 1 (type=Y):
          eavlCoordinateAxisField='transformed_coords',component #1
       axis 2 (type=Z):
          eavlCoordinateAxisField='transformed_coords',component #2
  discreteCoordinates[0]:
  cellsets[1]:
    eavlCellSetAllStructured:
        name = RectilinearGridCells
        dimensionality = 2
        nCells = 49
        zdims[] = 7 7
  fields[9]:
      array name = xcoord
      order = 1
      association = LOGICALDIM
      assoc_logicaldim = 0
      array = float xcoord[8][1] = -10  -7.14286  -4.28571  -1.42857  1.42857  4.28572  7.14286  10  

      array name = ycoord
      order = 1
      association = LOGICALDIM
      assoc_logicaldim = 1
      array = float ycoord[8][1] = -10  -7.14286  -4.28571  -1.42857  1.42857  4.28572  7.14286  10  

      array name = zcoord
      order = 1
      association = WHOLEMESH
      array = float zcoord[1][1] = 1.332  

      array name = avtOriginalBounds
      order = 0
      association = WHOLEMESH
      array = float avtOriginalBounds[6][1] = -10  10  -10  10  -10  10  

      array name = base_index
      order = 0
      association = WHOLEMESH
      array = float base_index[3][1] = 0  0  0  

      array name = group_id
      order = 0
      association = WHOLEMESH
      array = float group_id[1][1] = 0  

      array name = nodal
      order = 1
      association = POINTS
      array = float nodal[64][1] = 3.7098  3.46036  2.54554  2.16111  3.1213 ... 3.56983  3.75622  3.81282  3.57887  3.63372

      array name = zonal
      order = 0
      association = CELL_SET
      assoc_cell_set (index) = 0
      array = float zonal[49][1] = 2.93286  2.94926  2.6796  2.47013  2.81913 ... 2.23087  3.53692  4.29173  4.09175  3.26901

      array name = transformed_coords
      order = 1
      association = POINTS
      array = float transformed_coords[64][3] = -6.84978  -14.5836  1.47427  -4.7445  -14.4068 ... 13.9193  1.80288  7.88719  14.0961  0.930521

